---
source: gbnf/tests/test_gbnf.rs
expression: grammar
---
GbnfGrammar {
    declarations: [
        GbnfDeclaration {
            name: "root",
            expr: Sequence(
                [
                    Characters(
                        "hello",
                    ),
                    Characters(
                        " ",
                    ),
                    Characters(
                        "world",
                    ),
                ],
            ),
        },
    ],
    gbnf_string: "root ::= \"hello\" \" \" \"world\"",
    root_name: "root",
}
